chunk 780001 785001 584
chunk 790001 795001 577
chunk 785001 790001 576
chunk 795001 800001 560
chunk 775001 780001 574
chunk 760001 765001 587
chunk 770001 775001 613
chunk 765001 770001 594
chunk 740001 745001 573
chunk 745001 750001 597
chunk 750001 755001 590
chunk 755001 760001 565
chunk 720001 725001 565
chunk 735001 740001 600
chunk 730001 735001 569
chunk 725001 730001 595
chunk 700001 705001 582
chunk 705001 710001 632
chunk 715001 720001 566
chunk 710001 715001 601
chunk 680001 685001 593
chunk 690001 695001 561
chunk 685001 690001 582
chunk 695001 700001 569
chunk 665001 670001 557
chunk 660001 665001 610
chunk 670001 675001 618
chunk 675001 680001 609
chunk 645001 650001 588
chunk 640001 645001 622
chunk 655001 660001 583
chunk 650001 655001 577
chunk 630001 635001 581
chunk 635001 640001 550
chunk 620001 625001 602
chunk 625001 630001 610
chunk 600001 605001 571
chunk 615001 620001 588
chunk 605001 610001 620
chunk 610001 615001 587
chunk 580001 585001 614
chunk 595001 600001 612
chunk 585001 590001 583
chunk 590001 595001 570
chunk 560001 565001 573
chunk 575001 580001 640
chunk 570001 575001 565
chunk 565001 570001 609
chunk 540001 545001 609
chunk 545001 550001 604
chunk 550001 555001 621
chunk 555001 560001 577
chunk 520001 525001 622
chunk 525001 530001 578
chunk 530001 535001 577
chunk 535001 540001 582
chunk 500001 505001 601
chunk 505001 510001 634
chunk 515001 520001 616
chunk 510001 515001 586
chunk 480001 485001 626
chunk 485001 490001 626
chunk 490001 495001 608
chunk 495001 500001 608
chunk 470001 475001 586
chunk 475001 480001 594
chunk 465001 470001 594
chunk 460001 465001 609
chunk 440001 445001 646
chunk 445001 450001 590
chunk 450001 455001 619
chunk 455001 460001 611
chunk 420001 425001 611
chunk 425001 430001 599
chunk 430001 435001 608
chunk 435001 440001 599
chunk 405001 410001 638
chunk 400001 405001 565
chunk 410001 415001 578
chunk 415001 420001 617
E range 400000 800000 new primes 47583
